// Jest Snapshot v1, https://goo.gl/fbAQLP

exports[`renders well 1`] = `
<View
  style={
    Object {
      "backgroundColor": "#fff",
      "flex": 1,
    }
  }
>
  <Text
    style={
      Object {
        "color": "#000",
      }
    }
  >
    Hell world
  </Text>
</View>
`;
